[2020-06-06T21:07:24.643-0530][gc,heap] Heap region size: 1M
[2020-06-06T21:07:24.651-0530][gc     ] Using G1
[2020-06-06T21:07:24.651-0530][gc,heap,coops] Heap address: 0x00000007c0000000, size: 1024 MB, Compressed Oops mode: Zero based, Oop shift amount: 3
[2020-06-06T21:07:25.443-0530][gc,start     ] GC(0) Pause Young (Concurrent Start) (Metadata GC Threshold)
[2020-06-06T21:07:25.443-0530][gc,task      ] GC(0) Using 4 workers of 4 for evacuation
[2020-06-06T21:07:25.453-0530][gc,phases    ] GC(0)   Pre Evacuate Collection Set: 0.0ms
[2020-06-06T21:07:25.453-0530][gc,phases    ] GC(0)   Evacuate Collection Set: 8.5ms
[2020-06-06T21:07:25.453-0530][gc,phases    ] GC(0)   Post Evacuate Collection Set: 0.5ms
[2020-06-06T21:07:25.453-0530][gc,phases    ] GC(0)   Other: 0.4ms
[2020-06-06T21:07:25.453-0530][gc,heap      ] GC(0) Eden regions: 42->0(44)
[2020-06-06T21:07:25.453-0530][gc,heap      ] GC(0) Survivor regions: 0->7(7)
[2020-06-06T21:07:25.453-0530][gc,heap      ] GC(0) Old regions: 0->0
[2020-06-06T21:07:25.453-0530][gc,heap      ] GC(0) Humongous regions: 0->0
[2020-06-06T21:07:25.453-0530][gc,metaspace ] GC(0) Metaspace: 20735K->20735K(1069056K)
[2020-06-06T21:07:25.453-0530][gc           ] GC(0) Pause Young (Concurrent Start) (Metadata GC Threshold) 41M->6M(1024M) 9.582ms
[2020-06-06T21:07:25.453-0530][gc,cpu       ] GC(0) User=0.01s Sys=0.01s Real=0.01s
[2020-06-06T21:07:25.453-0530][gc           ] GC(1) Concurrent Cycle
[2020-06-06T21:07:25.453-0530][gc,marking   ] GC(1) Concurrent Clear Claimed Marks
[2020-06-06T21:07:25.453-0530][gc,marking   ] GC(1) Concurrent Clear Claimed Marks 0.034ms
[2020-06-06T21:07:25.453-0530][gc,marking   ] GC(1) Concurrent Scan Root Regions
[2020-06-06T21:07:25.457-0530][gc,marking   ] GC(1) Concurrent Scan Root Regions 4.268ms
[2020-06-06T21:07:25.457-0530][gc,marking   ] GC(1) Concurrent Mark (0.820s)
[2020-06-06T21:07:25.457-0530][gc,marking   ] GC(1) Concurrent Mark From Roots
[2020-06-06T21:07:25.457-0530][gc,task      ] GC(1) Using 1 workers of 1 for marking
[2020-06-06T21:07:25.458-0530][gc,marking   ] GC(1) Concurrent Mark From Roots 0.193ms
[2020-06-06T21:07:25.458-0530][gc,marking   ] GC(1) Concurrent Preclean
[2020-06-06T21:07:25.458-0530][gc,marking   ] GC(1) Concurrent Preclean 0.034ms
[2020-06-06T21:07:25.458-0530][gc,marking   ] GC(1) Concurrent Mark (0.820s, 0.820s) 0.294ms
[2020-06-06T21:07:25.458-0530][gc,start     ] GC(1) Pause Remark
[2020-06-06T21:07:25.459-0530][gc,stringtable] GC(1) Cleaned string and symbol table, strings: 7405 processed, 0 removed, symbols: 63910 processed, 33 removed
[2020-06-06T21:07:25.459-0530][gc            ] GC(1) Pause Remark 7M->7M(1024M) 1.721ms
[2020-06-06T21:07:25.459-0530][gc,cpu        ] GC(1) User=0.00s Sys=0.00s Real=0.00s
[2020-06-06T21:07:25.459-0530][gc,marking    ] GC(1) Concurrent Rebuild Remembered Sets
[2020-06-06T21:07:25.460-0530][gc,marking    ] GC(1) Concurrent Rebuild Remembered Sets 0.054ms
[2020-06-06T21:07:25.460-0530][gc,start      ] GC(1) Pause Cleanup
[2020-06-06T21:07:25.460-0530][gc            ] GC(1) Pause Cleanup 7M->7M(1024M) 0.082ms
[2020-06-06T21:07:25.460-0530][gc,cpu        ] GC(1) User=0.00s Sys=0.00s Real=0.00s
[2020-06-06T21:07:25.460-0530][gc,marking    ] GC(1) Concurrent Cleanup for Next Mark
[2020-06-06T21:07:25.468-0530][gc,marking    ] GC(1) Concurrent Cleanup for Next Mark 8.178ms
[2020-06-06T21:07:25.468-0530][gc            ] GC(1) Concurrent Cycle 15.128ms
[2020-06-06T21:07:26.251-0530][gc,start      ] GC(2) Pause Young (Normal) (G1 Evacuation Pause)
[2020-06-06T21:07:26.251-0530][gc,task       ] GC(2) Using 4 workers of 4 for evacuation
[2020-06-06T21:07:26.260-0530][gc,phases     ] GC(2)   Pre Evacuate Collection Set: 0.0ms
[2020-06-06T21:07:26.260-0530][gc,phases     ] GC(2)   Evacuate Collection Set: 7.9ms
[2020-06-06T21:07:26.260-0530][gc,phases     ] GC(2)   Post Evacuate Collection Set: 0.3ms
[2020-06-06T21:07:26.260-0530][gc,phases     ] GC(2)   Other: 0.2ms
[2020-06-06T21:07:26.260-0530][gc,heap       ] GC(2) Eden regions: 44->0(48)
[2020-06-06T21:07:26.260-0530][gc,heap       ] GC(2) Survivor regions: 7->3(7)
[2020-06-06T21:07:26.260-0530][gc,heap       ] GC(2) Old regions: 0->7
[2020-06-06T21:07:26.260-0530][gc,heap       ] GC(2) Humongous regions: 129->129
[2020-06-06T21:07:26.260-0530][gc,metaspace  ] GC(2) Metaspace: 30591K->30591K(1077248K)
[2020-06-06T21:07:26.260-0530][gc            ] GC(2) Pause Young (Normal) (G1 Evacuation Pause) 179M->137M(1024M) 8.498ms
[2020-06-06T21:07:26.260-0530][gc,cpu        ] GC(2) User=0.03s Sys=0.00s Real=0.01s
[2020-06-06T21:07:26.757-0530][gc,start      ] GC(3) Pause Young (Concurrent Start) (Metadata GC Threshold)
[2020-06-06T21:07:26.757-0530][gc,task       ] GC(3) Using 4 workers of 4 for evacuation
[2020-06-06T21:07:26.762-0530][gc,phases     ] GC(3)   Pre Evacuate Collection Set: 0.1ms
[2020-06-06T21:07:26.762-0530][gc,phases     ] GC(3)   Evacuate Collection Set: 4.7ms
[2020-06-06T21:07:26.762-0530][gc,phases     ] GC(3)   Post Evacuate Collection Set: 0.2ms
[2020-06-06T21:07:26.762-0530][gc,phases     ] GC(3)   Other: 0.2ms
[2020-06-06T21:07:26.762-0530][gc,heap       ] GC(3) Eden regions: 25->0(46)
[2020-06-06T21:07:26.762-0530][gc,heap       ] GC(3) Survivor regions: 3->5(7)
[2020-06-06T21:07:26.762-0530][gc,heap       ] GC(3) Old regions: 7->7
[2020-06-06T21:07:26.762-0530][gc,heap       ] GC(3) Humongous regions: 129->129
[2020-06-06T21:07:26.762-0530][gc,metaspace  ] GC(3) Metaspace: 34872K->34872K(1081344K)
[2020-06-06T21:07:26.762-0530][gc            ] GC(3) Pause Young (Concurrent Start) (Metadata GC Threshold) 162M->139M(1024M) 5.180ms
[2020-06-06T21:07:26.762-0530][gc,cpu        ] GC(3) User=0.02s Sys=0.00s Real=0.01s
[2020-06-06T21:07:26.762-0530][gc            ] GC(4) Concurrent Cycle
[2020-06-06T21:07:26.762-0530][gc,marking    ] GC(4) Concurrent Clear Claimed Marks
[2020-06-06T21:07:26.762-0530][gc,marking    ] GC(4) Concurrent Clear Claimed Marks 0.039ms
[2020-06-06T21:07:26.762-0530][gc,marking    ] GC(4) Concurrent Scan Root Regions
[2020-06-06T21:07:26.766-0530][gc,marking    ] GC(4) Concurrent Scan Root Regions 4.355ms
[2020-06-06T21:07:26.766-0530][gc,marking    ] GC(4) Concurrent Mark (2.129s)
[2020-06-06T21:07:26.766-0530][gc,marking    ] GC(4) Concurrent Mark From Roots
[2020-06-06T21:07:26.766-0530][gc,task       ] GC(4) Using 1 workers of 1 for marking
[2020-06-06T21:07:26.777-0530][gc,marking    ] GC(4) Concurrent Mark From Roots 10.838ms
[2020-06-06T21:07:26.777-0530][gc,marking    ] GC(4) Concurrent Preclean
[2020-06-06T21:07:26.777-0530][gc,marking    ] GC(4) Concurrent Preclean 0.095ms
[2020-06-06T21:07:26.777-0530][gc,marking    ] GC(4) Concurrent Mark (2.129s, 2.140s) 10.997ms
[2020-06-06T21:07:26.778-0530][gc,start      ] GC(4) Pause Remark
[2020-06-06T21:07:26.781-0530][gc,stringtable] GC(4) Cleaned string and symbol table, strings: 13442 processed, 8 removed, symbols: 99889 processed, 29 removed
[2020-06-06T21:07:26.781-0530][gc            ] GC(4) Pause Remark 142M->142M(1024M) 3.238ms
[2020-06-06T21:07:26.781-0530][gc,cpu        ] GC(4) User=0.01s Sys=0.00s Real=0.01s
[2020-06-06T21:07:26.781-0530][gc,marking    ] GC(4) Concurrent Rebuild Remembered Sets
[2020-06-06T21:07:26.787-0530][gc,marking    ] GC(4) Concurrent Rebuild Remembered Sets 6.203ms
[2020-06-06T21:07:26.792-0530][gc,start      ] GC(4) Pause Cleanup
[2020-06-06T21:07:26.793-0530][gc            ] GC(4) Pause Cleanup 142M->142M(1024M) 0.187ms
[2020-06-06T21:07:26.793-0530][gc,cpu        ] GC(4) User=0.00s Sys=0.00s Real=0.00s
[2020-06-06T21:07:26.793-0530][gc,marking    ] GC(4) Concurrent Cleanup for Next Mark
[2020-06-06T21:07:26.804-0530][gc,marking    ] GC(4) Concurrent Cleanup for Next Mark 11.721ms
[2020-06-06T21:07:26.805-0530][gc            ] GC(4) Concurrent Cycle 43.125ms
[2020-06-06T21:14:48.663-0530][gc,start      ] GC(5) Pause Young (Normal) (G1 Evacuation Pause)
[2020-06-06T21:14:48.663-0530][gc,task       ] GC(5) Using 4 workers of 4 for evacuation
[2020-06-06T21:14:48.675-0530][gc,phases     ] GC(5)   Pre Evacuate Collection Set: 0.1ms
[2020-06-06T21:14:48.675-0530][gc,phases     ] GC(5)   Evacuate Collection Set: 10.7ms
[2020-06-06T21:14:48.675-0530][gc,phases     ] GC(5)   Post Evacuate Collection Set: 0.4ms
[2020-06-06T21:14:48.675-0530][gc,phases     ] GC(5)   Other: 0.4ms
[2020-06-06T21:14:48.675-0530][gc,heap       ] GC(5) Eden regions: 46->0(45)
[2020-06-06T21:14:48.675-0530][gc,heap       ] GC(5) Survivor regions: 5->6(7)
[2020-06-06T21:14:48.675-0530][gc,heap       ] GC(5) Old regions: 7->9
[2020-06-06T21:14:48.675-0530][gc,heap       ] GC(5) Humongous regions: 129->129
[2020-06-06T21:14:48.675-0530][gc,metaspace  ] GC(5) Metaspace: 43561K->43561K(1089536K)
[2020-06-06T21:14:48.675-0530][gc            ] GC(5) Pause Young (Normal) (G1 Evacuation Pause) 185M->142M(1024M) 11.755ms
[2020-06-06T21:14:48.675-0530][gc,cpu        ] GC(5) User=0.03s Sys=0.00s Real=0.01s
[2020-06-06T21:24:00.621-0530][gc,start      ] GC(6) Pause Young (Normal) (G1 Evacuation Pause)
[2020-06-06T21:24:00.621-0530][gc,task       ] GC(6) Using 4 workers of 4 for evacuation
[2020-06-06T21:24:00.632-0530][gc,phases     ] GC(6)   Pre Evacuate Collection Set: 0.0ms
[2020-06-06T21:24:00.632-0530][gc,phases     ] GC(6)   Evacuate Collection Set: 10.0ms
[2020-06-06T21:24:00.632-0530][gc,phases     ] GC(6)   Post Evacuate Collection Set: 0.4ms
[2020-06-06T21:24:00.632-0530][gc,phases     ] GC(6)   Other: 0.5ms
[2020-06-06T21:24:00.632-0530][gc,heap       ] GC(6) Eden regions: 45->0(46)
[2020-06-06T21:24:00.632-0530][gc,heap       ] GC(6) Survivor regions: 6->5(7)
[2020-06-06T21:24:00.632-0530][gc,heap       ] GC(6) Old regions: 9->11
[2020-06-06T21:24:00.632-0530][gc,heap       ] GC(6) Humongous regions: 129->129
[2020-06-06T21:24:00.632-0530][gc,metaspace  ] GC(6) Metaspace: 44666K->44666K(1089536K)
[2020-06-06T21:24:00.632-0530][gc            ] GC(6) Pause Young (Normal) (G1 Evacuation Pause) 187M->144M(1024M) 11.177ms
[2020-06-06T21:24:00.632-0530][gc,cpu        ] GC(6) User=0.03s Sys=0.01s Real=0.01s
