[2020-06-06T21:06:51.013-0530][gc,heap] Heap region size: 1M
[2020-06-06T21:06:51.021-0530][gc     ] Using G1
[2020-06-06T21:06:51.021-0530][gc,heap,coops] Heap address: 0x00000007c0000000, size: 1024 MB, Compressed Oops mode: Zero based, Oop shift amount: 3
[2020-06-06T21:06:52.135-0530][gc,start     ] GC(0) Pause Young (Concurrent Start) (Metadata GC Threshold)
[2020-06-06T21:06:52.135-0530][gc,task      ] GC(0) Using 4 workers of 4 for evacuation
[2020-06-06T21:06:52.156-0530][gc,phases    ] GC(0)   Pre Evacuate Collection Set: 0.0ms
[2020-06-06T21:06:52.156-0530][gc,phases    ] GC(0)   Evacuate Collection Set: 13.9ms
[2020-06-06T21:06:52.156-0530][gc,phases    ] GC(0)   Post Evacuate Collection Set: 0.8ms
[2020-06-06T21:06:52.156-0530][gc,phases    ] GC(0)   Other: 1.6ms
[2020-06-06T21:06:52.156-0530][gc,heap      ] GC(0) Eden regions: 42->0(44)
[2020-06-06T21:06:52.156-0530][gc,heap      ] GC(0) Survivor regions: 0->7(7)
[2020-06-06T21:06:52.156-0530][gc,heap      ] GC(0) Old regions: 0->0
[2020-06-06T21:06:52.156-0530][gc,heap      ] GC(0) Humongous regions: 0->0
[2020-06-06T21:06:52.156-0530][gc,metaspace ] GC(0) Metaspace: 20776K->20776K(1069056K)
[2020-06-06T21:06:52.156-0530][gc           ] GC(0) Pause Young (Concurrent Start) (Metadata GC Threshold) 41M->6M(1024M) 21.395ms
[2020-06-06T21:06:52.156-0530][gc,cpu       ] GC(0) User=0.01s Sys=0.00s Real=0.02s
[2020-06-06T21:06:52.156-0530][gc           ] GC(1) Concurrent Cycle
[2020-06-06T21:06:52.156-0530][gc,marking   ] GC(1) Concurrent Clear Claimed Marks
[2020-06-06T21:06:52.157-0530][gc,marking   ] GC(1) Concurrent Clear Claimed Marks 0.042ms
[2020-06-06T21:06:52.157-0530][gc,marking   ] GC(1) Concurrent Scan Root Regions
[2020-06-06T21:06:52.162-0530][gc,marking   ] GC(1) Concurrent Scan Root Regions 4.779ms
[2020-06-06T21:06:52.162-0530][gc,marking   ] GC(1) Concurrent Mark (1.154s)
[2020-06-06T21:06:52.162-0530][gc,marking   ] GC(1) Concurrent Mark From Roots
[2020-06-06T21:06:52.162-0530][gc,task      ] GC(1) Using 1 workers of 1 for marking
[2020-06-06T21:06:52.162-0530][gc,marking   ] GC(1) Concurrent Mark From Roots 0.144ms
[2020-06-06T21:06:52.162-0530][gc,marking   ] GC(1) Concurrent Preclean
[2020-06-06T21:06:52.162-0530][gc,marking   ] GC(1) Concurrent Preclean 0.022ms
[2020-06-06T21:06:52.162-0530][gc,marking   ] GC(1) Concurrent Mark (1.154s, 1.154s) 0.203ms
[2020-06-06T21:06:52.162-0530][gc,start     ] GC(1) Pause Remark
[2020-06-06T21:06:52.164-0530][gc,stringtable] GC(1) Cleaned string and symbol table, strings: 7419 processed, 0 removed, symbols: 64232 processed, 32 removed
[2020-06-06T21:06:52.164-0530][gc            ] GC(1) Pause Remark 6M->6M(1024M) 1.825ms
[2020-06-06T21:06:52.164-0530][gc,cpu        ] GC(1) User=0.00s Sys=0.00s Real=0.00s
[2020-06-06T21:06:52.164-0530][gc,marking    ] GC(1) Concurrent Rebuild Remembered Sets
[2020-06-06T21:06:52.164-0530][gc,marking    ] GC(1) Concurrent Rebuild Remembered Sets 0.051ms
[2020-06-06T21:06:52.164-0530][gc,start      ] GC(1) Pause Cleanup
[2020-06-06T21:06:52.164-0530][gc            ] GC(1) Pause Cleanup 6M->6M(1024M) 0.100ms
[2020-06-06T21:06:52.164-0530][gc,cpu        ] GC(1) User=0.00s Sys=0.00s Real=0.00s
[2020-06-06T21:06:52.164-0530][gc,marking    ] GC(1) Concurrent Cleanup for Next Mark
[2020-06-06T21:06:52.172-0530][gc,marking    ] GC(1) Concurrent Cleanup for Next Mark 8.020ms
[2020-06-06T21:06:52.172-0530][gc            ] GC(1) Concurrent Cycle 15.810ms
[2020-06-06T21:06:52.932-0530][gc,heap,exit  ] Heap
[2020-06-06T21:06:52.932-0530][gc,heap,exit  ]  garbage-first heap   total 1048576K, used 35104K [0x00000007c0000000, 0x0000000800000000)
[2020-06-06T21:06:52.933-0530][gc,heap,exit  ]   region size 1024K, 36 young (36864K), 7 survivors (7168K)
[2020-06-06T21:06:52.933-0530][gc,heap,exit  ]  Metaspace       used 27263K, capacity 27818K, committed 28080K, reserved 1075200K
[2020-06-06T21:06:52.933-0530][gc,heap,exit  ]   class space    used 3093K, capacity 3325K, committed 3328K, reserved 1048576K
